---
source: crates/race/src/elf.rs
expression: "ElfSubrace::iter().map(|subrace|\n                           (Elf{story_hook: String::new(),\n                                subrace,}).addl_pantheons()).collect::<Vec<Vec<(Pantheon,\n                                                                                PantheonWeight)>>>()"

---
- - - Drow
    - Likely
- - - Elven
    - Likely
- - - Elven
    - Likely
- - - Elven
    - Likely
- - - Drow
    - Likely
- - - Elven
    - Likely

