---
source: crates/race/src/half_orc.rs
expression: half_orc.ideals()

---
- - Strength. Showing superior strength brings honor to Gruumsh.
  - Any
- - Prowess. Killing all your enemies is the path to greatness.
  - Evil
- - Dominance. I will have achieved glory when all cower before my might.
  - Evil
- - Intimidation. I can get what I want from weaklings that fear me.
  - Evil
- - "Glory. The goals of the tribe don't concern me. Personal glory is what I crave."
  - Chaotic
- - Savagery. I will not be controlled.
  - Chaotic

