---
source: crates/race/src/firbolg.rs
expression: firbolg.features()

---
- title: Firbolg Magic
  citation:
    - Vgtm
    - 107
- title: Hidden Step
  citation:
    - Vgtm
    - 107
- title: Powerful Build
  citation:
    - Vgtm
    - 107
- title: Speech of Beast and Leaf
  citation:
    - Vgtm
    - 107

