---
source: crates/race/src/halfling.rs
expression: "HalflingSubrace::iter().map(|subrace|\n                                (Halfling{subrace,\n                                          reason_for_adventuring:\n                                              String::new(),}).citations()).collect::<Vec<CitationList>>()"

---
- - - Phb
    - 26
  - - Scag
    - 110
- - - Phb
    - 26
  - - Phb
    - 28
- - - Phb
    - 26
  - - Phb
    - 28

