---
source: crates/race/src/tiefling.rs
expression: "TieflingSubrace::iter().map(|subrace|\n                                Tiefling{appearance: vec![],\n                                         subrace,}.abilities()).collect::<Vec<Vec<AbilityScore>>>()"

---
- - - Charisma
    - 2
  - - Intelligence
    - 1
- - - Charisma
    - 2
  - - Intelligence
    - 1
- - - Charisma
    - 2
  - - Dexterity
    - 1
- - - Dexterity
    - 2
  - - Intelligence
    - 1
- - - Charisma
    - 2
  - - Wisdom
    - 1
- - - Charisma
    - 2
  - - Dexterity
    - 1
- - - Charisma
    - 2
  - - Constitution
    - 1
- - - Charisma
    - 2
  - - Intelligence
    - 1
- - - Charisma
    - 2
  - - Intelligence
    - 1
- - - Charisma
    - 2
  - - Strength
    - 1

