---
source: crates/race/src/tiefling.rs
expression: "TieflingSubrace::iter().map(|subrace|\n                                Tiefling{appearance: vec![],\n                                         subrace,}.citations()).collect::<Vec<CitationList>>()"

---
- - - Phb
    - 42
  - - Mtof
    - 21
- - - Phb
    - 42
  - - Mtof
    - 21
- - - Phb
    - 42
  - - Mtof
    - 21
- - - Phb
    - 42
  - - Scag
    - 118
- - - Phb
    - 42
  - - Mtof
    - 21
- - - Phb
    - 42
  - - Mtof
    - 22
- - - Phb
    - 42
  - - Mtof
    - 22
- - - Phb
    - 42
  - - Mtof
    - 22
- - - Phb
    - 42
  - - Mtof
    - 23
- - - Phb
    - 42
  - - Mtof
    - 23

