---
source: crates/race/src/aasimar.rs
expression: "AasimarSubrace::iter().map(|subrace|\n                               Aasimar{guide: AngelicGuide::gen(&mut rng),\n                                       subrace,}.backstory()).collect::<Vec<Vec<String>>>()"

---
- - "Former Angelic Guide: Galladia"
  - "Guide's Nature: Compassionate and hopeful"
- - "Angelic Guide: Mykiel"
  - "Guide's Nature: Kind and parental"
- - "Angelic Guide: Tadriel"
  - "Guide's Nature: Kind and parental"

