---
source: crates/race/src/yuan_ti.rs
expression: yuan_ti.ideals()

---
- - Greed. I display my wealth as a sign of my power and prosperity.
  - Evil
- - Aspiration. I strive to follow the path toward becoming an anathema.
  - Evil
- - Unity. No leader shall put personal goals above those of our race.
  - Any
- - Kinship. My allegiance is to my caste and my city. Other settlements can burn for all I care.
  - Any
- - Inspiration. My actions set an example for the lesser castes to emulate.
  - Any
- - Power. Everything I choose to do is determined by whether it will make me smarter and stronger.
  - Evil

