---
source: crates/race/src/dwarf.rs
expression: "DwarfSubrace::iter().map(|subrace|\n                             (Dwarf{subrace,\n                                    clan_status: String::new(),\n                                    clan_trait: String::new(),\n                                    clan_vocation: String::new(),\n                                    quirk: String::new(),\n                                    story_hook:\n                                        String::new(),}).features()).collect::<Vec<Vec<Feature>>>()"

---
- - title: Darkvision
    citation:
      - Phb
      - 20
  - title: Dwarven Resilience
    citation:
      - Phb
      - 20
  - title: Stonecunning
    citation:
      - Phb
      - 20
  - title: Superior Darkvision
    citation:
      - Mtof
      - 81
  - title: Duergar Resiliance
    citation:
      - Mtof
      - 81
  - title: Duergar Magic
    citation:
      - Mtof
      - 81
  - title: Sunlight Sensitivity
    citation:
      - Mtof
      - 81
- - title: Darkvision
    citation:
      - Phb
      - 20
  - title: Dwarven Resilience
    citation:
      - Phb
      - 20
  - title: Stonecunning
    citation:
      - Phb
      - 20
  - title: Dwarven Toughness
    citation:
      - Phb
      - 20
- - title: Darkvision
    citation:
      - Phb
      - 20
  - title: Dwarven Resilience
    citation:
      - Phb
      - 20
  - title: Stonecunning
    citation:
      - Phb
      - 20

