---
source: crates/race/src/dwarf.rs
expression: "DwarfSubrace::iter().map(|subrace|\n                             (Dwarf{subrace,\n                                    clan_status: String::new(),\n                                    clan_trait: String::new(),\n                                    clan_vocation: String::new(),\n                                    quirk: String::new(),\n                                    story_hook:\n                                        String::new(),}).abilities()).collect::<Vec<Vec<AbilityScore>>>()"

---
- - - Constitution
    - 2
  - - Strength
    - 1
- - - Constitution
    - 2
  - - Wisdom
    - 1
- - - Constitution
    - 2
  - - Strength
    - 2

