---
source: crates/race/src/lizardfolk.rs
expression: lizardfolk.features()

---
- title: Bite
  citation:
    - Vgtm
    - 113
- title: Cunning Artisan
  citation:
    - Vgtm
    - 113
- title: Hold Breath
  citation:
    - Vgtm
    - 113
- title: Natural Armor
  citation:
    - Vgtm
    - 113
- title: Hungry Jaws
  citation:
    - Vgtm
    - 113

