---
source: crates/race/src/gnome.rs
expression: "GnomeSubrace::iter().map(|subrace|\n                             (Gnome{subrace,}).features()).collect::<Vec<Vec<Feature>>>()"

---
- - title: Darkvision
    citation:
      - Phb
      - 37
  - title: Gnome Cunning
    citation:
      - Phb
      - 37
  - title: Natural Illusionist
    citation:
      - Phb
      - 37
  - title: Speak with Small Beasts
    citation:
      - Phb
      - 37
- - title: Darkvision
    citation:
      - Phb
      - 37
  - title: Gnome Cunning
    citation:
      - Phb
      - 37
  - title: "Artificer's Lore"
    citation:
      - Phb
      - 37
  - title: Tinker
    citation:
      - Phb
      - 37
- - title: Darkvision
    citation:
      - Phb
      - 37
  - title: Gnome Cunning
    citation:
      - Phb
      - 37
  - title: Superior Darkvision
    citation:
      - Mtof
      - 114
  - title: Stone Camouflage
    citation:
      - Mtof
      - 114

