---
source: crates/race/src/dwarf.rs
expression: dwarf

---
clan_status: Beleaguered. Surrounded by drow and illithid foes
clan_trait: Conducts trade with the City of Brass
clan_vocation: Potter
quirk: "Humans fascinate you, and you collect odd trinkets of their culture."
story_hook: "You are a heretic, drawn to worship of Moradin."
subrace: Duergar

