---
source: crates/character/src/race/gnome.rs
expression: "GnomeSubrace::iter().map(|subrace|\n                             (Gnome{subrace,}).citations()).collect::<Vec<CitationList>>()"

---
- - - Phb
    - 35
  - - Phb
    - 37
- - - Phb
    - 35
  - - Phb
    - 37
- - - Phb
    - 35
  - - Mtof
    - 113

