---
source: character/src/race/halfling.rs
expression: "HalflingSubrace::iter().map(|subrace|\n                                (Halfling{subrace,}).abilities()).collect::<Vec<Vec<AbilityScore>>>()"

---
- - - Dexterity
    - 2
  - - Wisdom
    - 1
- - - Dexterity
    - 2
  - - Charisma
    - 1
- - - Dexterity
    - 2
  - - Constitution
    - 1

