---
source: crates/character/src/race/half_elf.rs
expression: half_elf

---
- type: HalfElf
  addl_increases:
    - - Wisdom
      - 1
    - - Intelligence
      - 1
  subrace: Sea
  variant: Swimming
- Del Maurmeril
- age: 32
  base_speeds:
    - Walking: 30
    - Swimming: 30
  ethnicity: Halruaan
  gender: Male
  height: 67
  size: Medium
  weight: 140

