---
source: character/src/race/tiefling.rs
expression: "TieflingSubrace::iter().map(|subrace|\n                                Tiefling{appearance: vec![],\n                                         subrace,}.features()).collect::<Vec<Vec<Feature>>>()"

---
- - title: Darkvision
    citation:
      - Phb
      - 43
  - title: Infernal Legacy
    citation:
      - Phb
      - 43
- - title: Darkvision
    citation:
      - Phb
      - 43
  - title: Legacy of Maladomini
    citation:
      - Mtof
      - 21
- - title: Darkvision
    citation:
      - Phb
      - 43
  - title: Legacy of Dis
    citation:
      - Mtof
      - 21
- - title: Darkvision
    citation:
      - Phb
      - 43
  - title: "Devil's Tongue"
    citation:
      - Scag
      - 118
- - title: Darkvision
    citation:
      - Phb
      - 43
  - title: Legacy of Phlegethos
    citation:
      - Mtof
      - 21
- - title: Darkvision
    citation:
      - Phb
      - 43
  - title: Legacy of Malbolge
    citation:
      - Mtof
      - 22
- - title: Darkvision
    citation:
      - Phb
      - 43
  - title: Legacy of Stygia
    citation:
      - Mtof
      - 22
- - title: Darkvision
    citation:
      - Phb
      - 43
  - title: Legacy of Minauros
    citation:
      - Mtof
      - 22
- - title: Darkvision
    citation:
      - Phb
      - 43
  - title: Legacy of Cania
    citation:
      - Mtof
      - 23
- - title: Darkvision
    citation:
      - Phb
      - 43
  - title: Legacy of Avernus
    citation:
      - Mtof
      - 23

