---
source: crates/character/src/race/yuan_ti.rs
expression: yuan_ti.bonds()

---
- "I will see our empire rise again and, in so doing, win the favor of the serpent gods."
- I am enamored with the culture and trappings of another society and wish to be part of it.
- I respect my superiors and obey them without question. My fate is theirs to decide.
- "I have an interest in an unsuitable mate, which I can't suppress."
- I respect and emulate a great hero or ancestor.
- "An enemy destroyed something of value to me, and I will find where it lives and kill the offender."

