---
source: crates/character/src/race/elf.rs
expression: "ElfSubrace::iter().map(|subrace|\n                           (Elf{story_hook: String::new(),\n                                subrace,}).citations()).collect::<Vec<CitationList>>()"

---
- - - Phb
    - 21
  - - Phb
    - 24
- - - Phb
    - 21
  - - Mtof
    - 61
- - - Phb
    - 21
  - - Phb
    - 23
- - - Phb
    - 21
  - - Mtof
    - 62
- - - Phb
    - 21
  - - Mtof
    - 62
- - - Phb
    - 21
  - - Phb
    - 24

