---
source: character/src/race/aasimar.rs
expression: aasimar

---
- type: Aasimar
  guide:
    name: Galladia
    nature: Compassionate and hopeful
  subrace: Scourge
- Hamun Anskuld
- age: 23
  base_speeds:
    - Walking: 30
  ethnicity: Mulan
  gender: Male
  height: 68
  size: Medium
  weight: 182

