---
source: src/character/race/gnome.rs
expression: gnome.features()
---
- title: Darkvision
  citation:
    - PHB
    - 37
- title: Gnome Cunning
  citation:
    - PHB
    - 37
- title: Natural Illusionist
  citation:
    - PHB
    - 37
- title: Speak with Small Beasts
  citation:
    - PHB
    - 37
