---
source: src/character/race/dwarf.rs
expression: "DwarfSubrace::iter().map(|subrace|\n                             (Dwarf{subrace,}).citations()).collect::<Vec<CitationList>>()"

---
- - - Phb
    - 18
  - - Scag
    - 104
- - - Phb
    - 18
  - - Scag
    - 103
- - - Phb
    - 18
  - - Phb
    - 20
- - - Phb
    - 18
  - - Phb
    - 20
- - - Phb
    - 18
  - - Scag
    - 103

