---
source: src/character/race/half_elf.rs
expression: half_elf.features()
---
- title: Darkvision
  description: "Thanks to your elf blood, you have superior vision in dark and dim conditions. You can see in dim light within 60 feet of you as if it were bright light, and in darkness as if it were dim light. You can't discern color in darkness, only shades of gray."
  citation:
    - PHB
    - 39
- title: Fey Ancestry
  description: "You have advantage on saving throws against being charmed, and magic can't put you to sleep."
  citation:
    - PHB
    - 39
