---
source: src/character/race/half_elf.rs
expression: half_elf
---
- type: HalfElf
  addl_increases:
    - - Constitution
      - 1
    - - Wisdom
      - 1
  addl_proficiencies:
    - Skill: Insight
    - Skill: Nature
- Eryn Ulmokina
- age: 28
  alignment:
    - Lawful
    - Neutral
  base_speed: 30
  gender: Male
  height: 67
  size: Medium
  weight: 180
