---
source: src/character/race/gnome.rs
expression: gnome.features()
---
- title: Darkvision
  description: "Accustomed to life underground, you have superior vision in dark and dim conditions. You can see in dim light within 60 feet of you as if it were bright light, and in darkness as if it were dim light. You can't discern color in darkness, only shades of gray."
  citation:
    - PHB
    - 37
- title: Gnome Cunning
  description: "You have advantage on all Intelligence, Wisdom, and Charisma saving throws against magic."
  citation:
    - PHB
    - 37
- title: Natural Illusionist
  description: You know the minor illusion cantrip. Intelligence is your spellcasting ability for it.
  citation:
    - PHB
    - 37
- title: Speak with Small Beasts
  description: "Through sounds and gestures, you can communicate simple ideas with Small or smaller beasts. Forest gnomes love animals and often keep squirrels, badgers, rabbits, moles, woodpeckers, and other creatures as beloved pets."
  citation:
    - PHB
    - 37
