---
source: src/character/race/half_elf.rs
expression: half_elf
---
- type: HalfElf
  addl_increases:
    - - Constitution
      - 1
    - - Wisdom
      - 1
  addl_proficiencies:
    - Skill: Insight
    - Skill: Nature
  extra_language: Sylvan
- Yuldra Amastacia (Starflower)
- age: 114
  alignment:
    - Neutral
    - Neutral
  base_speed: 30
  gender: Female
  height: 65
  size: Medium
  weight: 158
