---
source: src/character/race/dwarf.rs
expression: "DwarfSubrace::iter().map(|subrace|\n                             (Dwarf{subrace,}).features()).collect::<Vec<Vec<Feature>>>()"

---
- - title: Darkvision
    citation:
      - Phb
      - 20
  - title: Dwarven Resilience
    citation:
      - Phb
      - 20
  - title: Stonecunning
    citation:
      - Phb
      - 20
  - title: Superior Darkvision
    citation:
      - Scag
      - 104
  - title: Duergar Resiliance
    citation:
      - Scag
      - 104
  - title: Duergar Magic
    citation:
      - Scag
      - 104
  - title: Sunlight Sensitivity
    citation:
      - Scag
      - 104
- - title: Darkvision
    citation:
      - Phb
      - 20
  - title: Dwarven Resilience
    citation:
      - Phb
      - 20
  - title: Stonecunning
    citation:
      - Phb
      - 20
  - title: Dwarven Toughness
    citation:
      - Phb
      - 20
- - title: Darkvision
    citation:
      - Phb
      - 20
  - title: Dwarven Resilience
    citation:
      - Phb
      - 20
  - title: Stonecunning
    citation:
      - Phb
      - 20
  - title: Dwarven Toughness
    citation:
      - Phb
      - 20
- - title: Darkvision
    citation:
      - Phb
      - 20
  - title: Dwarven Resilience
    citation:
      - Phb
      - 20
  - title: Stonecunning
    citation:
      - Phb
      - 20
- - title: Darkvision
    citation:
      - Phb
      - 20
  - title: Dwarven Resilience
    citation:
      - Phb
      - 20
  - title: Stonecunning
    citation:
      - Phb
      - 20

