---
source: src/character/race/yuan_ti.rs
expression: yuan_ti

---
- type: YuanTiPureblood
  eye_color: Red
  origin: "You were raised by humans, elves, or dwarves and have adopted their culture."
  pureblood_characteristics:
    - ScalyTorso
  scale_color: RedAndTan
  scale_pattern: Mottled
  skin_color: Yellow
  tongue_color: Orange
- Kara Starag
- age: 21
  base_speeds:
    - Walking: 30
  gender: Female
  height: 63
  size: Medium
  weight: 145

