---
source: character/src/race/gnome.rs
expression: "GnomeSubrace::iter().map(|subrace|\n                             (Gnome{subrace,}).abilities()).collect::<Vec<Vec<AbilityScore>>>()"

---
- - - Intelligence
    - 2
  - - Dexterity
    - 1
- - - Intelligence
    - 2
  - - Constitution
    - 1
- - - Intelligence
    - 2
  - - Dexterity
    - 1

