---
source: character/src/race/tiefling.rs
expression: tiefling

---
- type: Tiefling
  appearance:
    - Horns:
        - Large
        - Antelope
    - Teeth: Sharp
  subrace: Baalzebul
- "Skamos "
- age: 85
  base_speeds:
    - Walking: 30
  ethnicity: Ulutiun
  gender: Male
  height: 65
  size: Medium
  weight: 166

