---
source: character/src/race/dwarf.rs
expression: "DwarfSubrace::iter().map(|subrace|\n                             format!(\"{}\", Dwarf\n                                     {\n                                         subrace\n                                     })).collect::<Vec<String>>().join(\"\\n\\n\")"

---
Duergar Dwarf

Hill Dwarf

Mountain Dwarf
