---
source: character/src/race/aasimar.rs
expression: "AasimarSubrace::iter().map(|subrace|\n                               Aasimar{guide: AngelicGuide::gen(&mut rng),\n                                       subrace,}.abilities()).collect::<Vec<Vec<AbilityScore>>>()"

---
- - - Charisma
    - 2
  - - Strength
    - 1
- - - Charisma
    - 2
  - - Wisdom
    - 1
- - - Charisma
    - 2
  - - Constitution
    - 1

