---
source: character/src/lib.rs
expression: character

---
CHARACTER NAME: Ilgostrogue Foehammer
RACE: Hill Dwarf (PHB p18,20)
BACKGROUND: The Emerald Enclave Faction Agent (SCAG p147)
ALIGNMENT: Lawful Good
LEVEL: 1

STR  -2 (6)
DEX  +0 (11)
CON  +4 (19)
INT  +2 (15)
WIS  +2 (14)
CHA  +0 (11)

SKILLS:
PROF  MOD  SKILL            BONUS:
      DEX  Acrobatics       +0
      WIS  Animal Handling  +2
 X    INT  Arcana           +4
      STR  Athletics        -2
      CHA  Deception        +0
      INT  History          +2
 X    WIS  Insight          +4
      CHA  Intimidation     +0
      INT  Investigation    +2
      WIS  Medicine         +2
      INT  Nature           +2
      WIS  Perception       +2
      CHA  Performance      +0
      CHA  Persuasion       +0
      INT  Religion         +2
      DEX  Sleight of Hand  +0
      DEX  Stealth          +0
      WIS  Survival         +2

SPEED:
Walking Speed: 25ft
PROFICIENCY BONUS: +2
RESISTANCES: Poison
IMMUNITIES: 
LANGUAGES: Common, Dwarvish, Orc, Deep Speech
PROFICIENCIES: Weapon(Specific(Battleaxe)), Weapon(Specific(Handaxe)), Weapon(Specific(LightHammer)), Weapon(Specific(Warhammer)), Tool(ArtisansTools(MasonsTools))

CHARACTERISTICS:
Age: 39
Gender: Male
Size: Medium
Height: 4'1"
Weight: 160 lb.

PERSONALITY TRAITS:
I can find common ground between the fiercest enemies, empathizing with them and always working toward peace.
I've enjoyed fine food, drink, and high society among my faction's elite. Rough living grates on me.
IDEAL: Aspiration. I seek to prove myself worthy of my faction's favor by matching my actions against their teachings. (Any)
BOND: Everything I do is for the common people.
FLAW: I judge others harshly, and myself even more severely.

EQUIPMENT
Gear(Other(ClothesCommon)), Gear(Other(Pouch)), Other("a code-book for a covert faction"), Other("the badge of your faction"), Other("A rectangular metal device with two tiny metal cups on one end that throws sparks when wet")
COINS: 15gp

FEATURES AND TRAITS:
- Darkvision (PHB p20)
- Dwarven Resilience (PHB p20)
- Stonecunning (PHB p20)
- Dwarven Toughness (PHB p20)
- Safe Haven (SCAG p147)

APPEARANCE:

BACKSTORY:

