---
source: character/src/lib.rs
expression: character

---
abilities:
  Strength: 6
  Dexterity: 11
  Constitution: 19
  Intelligence: 15
  Wisdom: 14
  Charisma: 11
alignment:
  - Lawful
  - Good
background:
  type: FactionAgent
  faction: EmeraldEnclave
characteristics:
  age: 39
  base_speeds:
    - Walking: 25
  ethnicity: ~
  gender: Male
  height: 49
  size: Medium
  weight: 160
chosen_equipment:
  - Other: a code-book for a covert faction
  - Other: the badge of your faction
  - Other: A rectangular metal device with two tiny metal cups on one end that throws sparks when wet
languages:
  - Common
  - Dwarvish
  - Orc
  - DeepSpeech
level: 1
name: Ilgostrogue Foehammer
personality:
  bond: Everything I do is for the common people.
  flaw: "I judge others harshly, and myself even more severely."
  ideal:
    - "Aspiration. I seek to prove myself worthy of my faction's favor by matching my actions against their teachings."
    - Any
  traits:
    - "I can find common ground between the fiercest enemies, empathizing with them and always working toward peace."
    - "I've enjoyed fine food, drink, and high society among my faction's elite. Rough living grates on me."
proficiencies:
  - Weapon:
      Specific: Battleaxe
  - Weapon:
      Specific: Handaxe
  - Weapon:
      Specific: LightHammer
  - Weapon:
      Specific: Warhammer
  - Skill: Insight
  - Tool:
      ArtisansTools: MasonsTools
  - Skill: Arcana
race:
  type: Dwarf
  subrace:
    Hill: Hill

