---
source: src/character/ability.rs
expression: scores
---
- - Strength
  - 11
- - Dexterity
  - 15
- - Constitution
  - 10
- - Intelligence
  - 6
- - Wisdom
  - 11
- - Charisma
  - 17
- - Strength
  - 15
- - Dexterity
  - 13
- - Constitution
  - 11
- - Intelligence
  - 15
- - Wisdom
  - 7
- - Charisma
  - 11
