---
source: deities/src/gnomish.rs
expression: "Gnomish::deities()"

---
- name: Baervan Wildwanderer
  titles:
    - god of forests and woodlands
  alignment:
    - Neutral
    - Good
  domains:
    - Nature
  symbols:
    - Face of a raccoon
- name: Baravar Cloakshadow
  titles:
    - god of illusion and deception
    - Sly One
  alignment:
    - Neutral
    - Good
  domains:
    - Arcana
    - Trickery
  symbols:
    - Dagger against a hooded cloak
- name: Callarduran Smoothhands
  titles:
    - god of mining and carving stone
  alignment:
    - Neutral
    - Neutral
  domains:
    - Knowledge
    - Nature
  symbols:
    - Golden signet ring wiht a six-pointed star
- name: Flandal Steelskin
  titles:
    - god of metalwork
    - god of mining and smithcraft
    - god of physical improvement and good health
    - the Steelsmith
  alignment:
    - Neutral
    - Good
  domains:
    - Knowledge
  symbols:
    - Flaming hammer
- name: Gaerdal Ironhand
  titles:
    - god of protection
    - "god of war, vigilance, and defense"
  alignment:
    - Lawful
    - Good
  domains:
    - War
  symbols:
    - Iron band
- name: Garl Glittergold
  titles:
    - "god of humor, gemcutting, protection, and trickery"
    - god of trickery and wiles
    - the Watchful Protector
    - the king of the gnomish gods
  alignment:
    - Lawful
    - Good
  domains:
    - Trickery
  symbols:
    - Gold nugget
- name: Nebelun
  titles:
    - god of invention and luck
    - the Meddler
  alignment:
    - Chaotic
    - Good
  domains:
    - Knowledge
    - Trickery
  symbols:
    - Bellows and a lizard tail
- name: Segojan Earthcaller
  titles:
    - god of earth and the dead
    - god of the wilds beneath the earth
    - god of the burrows
  alignment:
    - Neutral
    - Good
  domains:
    - Light
  symbols:
    - Glowing gemstone
- name: Urdlen
  titles:
    - god of greed and murder
    - "great-clawed god of bloodlust and evil, of greed and uncontrolled impulses"
  alignment:
    - Chaotic
    - Evil
  domains:
    - Death
    - War
  symbols:
    - White clawed mole emerging from ground

