---
source: deities/src/dwarven.rs
expression: "Dwarven::deities()"

---
- name: Abbathor
  titles:
    - god of greed
  alignment:
    - Neutral
    - Evil
  domains:
    - Trickery
  symbols:
    - "Jeweled dagger, point-down"
- name: Berronar Truesilver
  titles:
    - goddess of hearth and home
    - goddess of honesty and faithfulness
    - "goddess of oaths, loyalty, and honor"
    - the Revered Mother
  alignment:
    - Lawful
    - Good
  domains:
    - Life
    - Light
  symbols:
    - Intertwined silver rings
- name: Clangeddin Silverbeard
  titles:
    - god of war and valor
  alignment:
    - Lawful
    - Good
  domains:
    - War
  symbols:
    - Crossed silver battleaxes
- name: Dugmaren Brightmantle
  titles:
    - god of invention and discovery
    - the Wandering Tinkerer
    - the Gleam in the Eye
  alignment:
    - Chaotic
    - Good
  domains:
    - Knowledge
  symbols:
    - Open book
- name: Dumathoin
  titles:
    - god of buried secrets
    - "god of buried wealth, mining, gems, and exploration"
    - the Keeper of Secrets under the Mountain
    - the guardian of the dead
  alignment:
    - Neutral
    - Neutral
  domains:
    - Death
    - Knowledge
  symbols:
    - Mountain silhouette with a central gemstone
- name: Gorm Gulthyn
  titles:
    - god of defense and vigilance
    - Fire Eyes
    - the Lord of the Bronze Mask
    - the protector of dwarves
  alignment:
    - Lawful
    - Good
  domains:
    - War
  symbols:
    - Bronze half-mask
- name: Haela Brightaxe
  titles:
    - goddess of war-luck
    - patron of dwarf fighters
  alignment:
    - Chaotic
    - Good
  domains:
    - War
  symbols:
    - Upright sword whose blade is spiraled in flame
- name: Marthammor Duin
  titles:
    - god of wanderers
    - "the traveler's god"
    - patron of expatriates and guides
    - deity of lightning and roads
  alignment:
    - Neutral
    - Good
  domains:
    - Nature
    - Trickery
  symbols:
    - Upright mace in front of a tall boot
- name: Moradin
  titles:
    - god of creation
    - "god of \"dwarf-crafts\" (smithing and stonework)"
    - god of protection
    - the Soulforger
    - Dwarf-father
    - All-father
  alignment:
    - Lawful
    - Good
  domains:
    - Knowledge
  symbols:
    - Hammer and anvil
- name: Sharindlar
  titles:
    - "goddess of healing, romantic love, and fertility"
    - Lady of Life and Mercy
  alignment:
    - Chaotic
    - Good
  domains:
    - Life
  symbols:
    - Burning needle
- name: Vergadain
  titles:
    - god of luck and wealth
    - "god of thieves, luck, and chance"
    - god of commerce and negotiation
    - the Merchant King
  alignment:
    - Neutral
    - Neutral
  domains:
    - Trickery
  symbols:
    - Gold coin with the face of a dwarf

