---
source: crates/character/src/background/clan_crafter.rs
expression: background.traits()

---
- "I believe that anything worth doing is worth doing right. I can't help it — I'm a perfectionist."
- "I'm a snob who looks down on those who can't appreciate fine art."
- I always want to know how things work and what makes people tick.
- "I'm full of witty aphorisms and have a proverb for every occasion."
- "I'm rude to people who lack my commitment to hard work and fair play."
- I like to talk at length about my profession.
- "I don't part with my money easily and will haggle tirelessly to get the best deal possible."
- "I'm well known for my work, and I want to make sure everyone appreciates it. I'm always taken aback when people haven't heard of me."

