---
source: crates/character/src/background/urban_bounty_hunter.rs
expression: background.ideals()

---
- - "Honor. I don't steal from others in the trade."
  - Lawful
- - "Freedom. Chains are meant to be broken, as are those who would forge them."
  - Chaotic
- - Charity. I steal from the wealthy so that I can help people in need.
  - Good
- - Greed. I will do whatever it takes to become wealthy.
  - Evil
- - "People. I'm loyal to my friends, not to any ideals, and everyone else can take a trip down the Styx for all I care."
  - Neutral
- - "Redemption. There's a spark of good in everyone."
  - Good

