---
source: crates/character/src/background/waterdhavian_noble.rs
expression: background.flaws()

---
- I secretly believe that everyone is beneath me.
- I hide a truly scandalous secret that could ruin my family forever.
- "I too often hear veiled insults and threats in every word addressed to me, and I'm quick to anger."
- I have an insatiable desire for carnal pleasures.
- "In fact, the world does revolve around me."
- "By my words and actions, I often bring shame to my family."

