---
source: crates/class/src/druid.rs
expression: class.proficiencies()

---
- Armor: Light
- Armor: Medium
- Armor: Shield
- SavingThrow: Intelligence
- SavingThrow: Wisdom
- Tool: HerbalismKit
- Weapon:
    Specific: Club
- Weapon:
    Specific: Dagger
- Weapon:
    Specific: Dart
- Weapon:
    Specific: Javelin
- Weapon:
    Specific: Mace
- Weapon:
    Specific: Quarterstaff
- Weapon:
    Specific: Scimitar
- Weapon:
    Specific: Sickle
- Weapon:
    Specific: Sling
- Weapon:
    Specific: Spear

