---
source: crates/class/src/cleric.rs
expression: class.addl_equipment()

---
- From:
    - - item:
          Weapon: Mace
        amount: 1
      - item:
          Weapon: Warhammer
        amount: 1
    - 1
- From:
    - - item:
          Armor: ChainMail
        amount: 1
      - item:
          Armor: Leather
        amount: 1
      - item:
          Armor: ScaleMail
        amount: 1
    - 1
- FromOptions:
    - - From:
          - - item:
                Weapon: CrossbowLight
              amount: 1
          - 1
      - Weapon:
          - Simple
          - ~
          - 1
    - 1
- Pack:
    - Explorer
    - Priest
- HolySymbol

