---
source: src/character/background/knight_of_the_order.rs
expression: background.addl_equipment()

---
- From:
    - Other: a signet representing your place or rank in the order
    - Other: a banner representing your place or rank in the order
    - Other: a seal representing your place or rank in the order

