---
source: src/character/background/clan_crafter.rs
expression: background

---
- type: ClanCrafter
- bond: "I created a great work for someone, and then found them unworthy to receive it. I'm still looking for someone worthy."
  flaw: I would kill to acquire a noble title.
  ideal:
    - "Greed. I'm only in it for the money."
    - Evil
  traits:
    - "I don't part with my money easily and will haggle tirelessly to get the best deal possible."
    - "I'm well known for my work, and I want to make sure everyone appreciates it. I'm always taken aback when people haven't heard of me."

