---
source: crates/deities/src/dwarven.rs
expression: "Duergar::deities()"

---
- name: Deep Duerra
  titles:
    - goddess of conquest and psionics
  alignment:
    - Lawful
    - Evil
  domains:
    - Arcana
    - Knowledge
    - War
  symbols:
    - Mind flayer skill
- name: Laduguer
  titles:
    - god of magic and slavery
    - god of labor and slavery
  alignment:
    - Lawful
    - Evil
  domains:
    - Arcana
    - Death
    - Forge
  symbols:
    - Broken arrow

