---
source: crates/deities/src/forgotten_realms.rs
expression: "ForgottenRealms::deities()"

---
- name: Adaki
  titles:
    - goddess of air
  alignment:
    - Neutral
    - Neutral
  domains:
    - Tempest
  symbols:
    - Cloud
- name: Amaunator
  titles:
    - god of the sun
    - the Keeper of the Eternal Sun
    - the Light of Law
    - the Yellow God
  alignment:
    - Lawful
    - Neutral
  domains:
    - Life
    - Light
  symbols:
    - Golden sun
- name: Asmodeus
  titles:
    - god of induldence
    - the Lord of the Ninth
    - The Cloven
    - Old Hoof and Horn
  alignment:
    - Lawful
    - Evil
  domains:
    - Knowledge
    - Trickery
  symbols:
    - Three inverted triangles arranged in a long triangle
- name: Auril
  titles:
    - goddess of winter
    - the Frostmaiden
    - Lady Frostkiss
    - Icedawn
  alignment:
    - Neutral
    - Evil
  domains:
    - Nature
    - Tempest
  symbols:
    - Six-pointed snowflake
- name: Azuth
  titles:
    - god of wizardry
    - The High One
    - the Lord of Spellcraft
    - the First Magister
  alignment:
    - Lawful
    - Neutral
  domains:
    - Arcana
    - Knowledge
  symbols:
    - "Left hand pointing upward, outlined in fire"
- name: Bane
  titles:
    - god of tyranny
    - the Black Hand
    - the Lord of Darkness
  alignment:
    - Lawful
    - Evil
  domains:
    - War
  symbols:
    - "Upright black right hand, thumb and fingers together"
- name: Beshaba
  titles:
    - goddess of misfortune
    - the Maid of Misfortune
    - Lady Doom
    - Black Bess
  alignment:
    - Chaotic
    - Evil
  domains:
    - Trickery
  symbols:
    - Black antlers
- name: Bhaal
  titles:
    - god of murder
    - the Lord of Murder
  alignment:
    - Neutral
    - Evil
  domains:
    - Death
  symbols:
    - Skull surrounded by a ring of blood droplets
- name: Chauntea
  titles:
    - goddess of agriculture
    - the Great Mother
    - the Grain Goddess
    - the Earthmother
  alignment:
    - Neutral
    - Good
  domains:
    - Life
  symbols:
    - Sheaf of grain or a blooming rose over grain
- name: Cyric
  titles:
    - god of lies
    - the Prince of Lies
    - the Dark Sun
  alignment:
    - Chaotic
    - Evil
  domains:
    - Trickery
  symbols:
    - White jawless skull on black or purple sunburst
- name: Deneir
  titles:
    - god of writing
    - the Lord of All Glyphs and Images
    - the First Scribe
    - the Scibe of Oghma
  alignment:
    - Neutral
    - Good
  domains:
    - Arcana
    - Knowledge
  symbols:
    - Lit candle above an open eye
- name: Eldath
  titles:
    - goddess of peace
    - the Quiet One
    - the Guardian of Groves
    - the Mother of Waters
  alignment:
    - Neutral
    - Good
  domains:
    - Life
    - Nature
  symbols:
    - Waterfall plunging into still pool
- name: Gond
  titles:
    - god of craft
    - the Wonderbringer
    - the Inspiration Divine
    - the Holy Maker of All Things
  alignment:
    - Neutral
    - Neutral
  domains:
    - Knowledge
  symbols:
    - Toothed cog with four spokes
- name: Grumbar
  titles:
    - god of earth
  alignment:
    - Neutral
    - Neutral
  domains:
    - Knowledge
  symbols:
    - Mountain
- name: Gwaeron Windstrom
  titles:
    - god of tracking
    - the Mouth of Mielikki
    - the Master Tracker
    - the Tracker Never Led Astray
  alignment:
    - Neutral
    - Good
  domains:
    - Knowledge
    - Nature
  symbols:
    - Paw print with a five-pointed star in its center
- name: Helm
  titles:
    - god of watchfulness
    - the Watcher
    - He of the Unsleeping Eyes
    - the Vigilant One
  alignment:
    - Lawful
    - Neutral
  domains:
    - Life
    - Light
  symbols:
    - Staring eye on upright left gauntlet
- name: Hoar
  titles:
    - god of revenge and retribution
    - the Doombringer
    - Poet of Justice
  alignment:
    - Lawful
    - Neutral
  domains:
    - War
  symbols:
    - A coin with a two-faced head
- name: Ilmater
  titles:
    - god of endurance
    - the Crying God
    - the Rack-Broken Lord
    - He Who Endures
  alignment:
    - Lawful
    - Good
  domains:
    - Life
  symbols:
    - Hands bound at the wrist with red cord
- name: Istishia
  titles:
    - god of water
  alignment:
    - Neutral
    - Neutral
  domains:
    - Tempest
  symbols:
    - Wave
- name: Jergal
  titles:
    - scribe of the dead
    - the Final Scribe
    - the Pitiless One
    - the Bleak Seneschal
  alignment:
    - Lawful
    - Neutral
  domains:
    - Knowledge
    - Death
  symbols:
    - A skull biting a scroll
- name: Kelemvor
  titles:
    - god of the dead
    - the Lord of the Dead
    - the Judge of the Damned
  alignment:
    - Lawful
    - Neutral
  domains:
    - Death
  symbols:
    - Upright skeletal arm holding balanced scales
- name: Kossuth
  titles:
    - god of fire
  alignment:
    - Neutral
    - Neutral
  domains:
    - Light
  symbols:
    - Flame
- name: Lathander
  titles:
    - god of dawn and renewal
    - god of birth and renewal
    - the Morninglord
    - "Inspiration's Dawn"
    - the Rose-and-Gold God
  alignment:
    - Neutral
    - Good
  domains:
    - Life
    - Light
  symbols:
    - Road traveling into a sunrise
- name: Leira
  titles:
    - goddess of illusion
    - the Lady of the Mists
    - Mistshadow
    - the Lady of Deception
  alignment:
    - Chaotic
    - Neutral
  domains:
    - Trickery
  symbols:
    - Point-down triangle containing a swirl of mist
- name: Lliira
  titles:
    - goddess of joy
    - Our Lady of Joy
    - Joybringer
    - the Mistress of Revels
  alignment:
    - Chaotic
    - Good
  domains:
    - Life
  symbols:
    - Triangle of three six-pointed stars
- name: Loviatar
  titles:
    - goddess of pain
    - the Maiden of Pain
    - the Scourge Mistress
    - the Willing Whip
  alignment:
    - Lawful
    - Evil
  domains:
    - Death
  symbols:
    - Nine-tailed barbed scourge
- name: Malar
  titles:
    - god of the hunt
    - the Beastlord
    - the Black-Blooded One
  alignment:
    - Chaotic
    - Evil
  domains:
    - Nature
  symbols:
    - Clawed paw
- name: Mask
  titles:
    - god of thieves
    - the Lord of Shadows
    - the Master of All Thieves
  alignment:
    - Chaotic
    - Neutral
  domains:
    - Trickery
  symbols:
    - Black mask
- name: Mielikki
  titles:
    - goddess of forests
    - Our Lady of the Forest
    - the Forest Queen
  alignment:
    - Neutral
    - Good
  domains:
    - Nature
  symbols:
    - "Unicorn's head"
- name: Milil
  titles:
    - god of poetry and song
    - the Lord of Song
    - the One True Hand of All-Wise Oghma
  alignment:
    - Neutral
    - Good
  domains:
    - Light
  symbols:
    - Five-stringed harp made of leaves
- name: Myrkul
  titles:
    - god of death
    - the Lord of Bones
    - Old Lord Skull
    - the Reaper
  alignment:
    - Neutral
    - Evil
  domains:
    - Death
  symbols:
    - White human skull
- name: Mystra
  titles:
    - goddess of magic
    - the Lady of Mysteries
    - Our Lady of Spells
    - the Mother of All Magic
  alignment:
    - Neutral
    - Good
  domains:
    - Arcana
    - Knowledge
  symbols:
    - Circle of seven stars
    - nine stars encircling a flowing red mist
    - a single star
- name: Oghma
  titles:
    - god of knowledge
    - the Binder
    - the Lord of Knowledge
  alignment:
    - Neutral
    - Neutral
  domains:
    - Knowledge
  symbols:
    - Blank scroll
- name: The Red Knight
  titles:
    - goddess of strategy
    - the Lady of Strategy
    - the Crimson General
    - the Grandmaster of the Lanceboard
  alignment:
    - Lawful
    - Neutral
  domains:
    - War
  symbols:
    - Red knight lanceboard piece with stars for eyes
- name: Savras
  titles:
    - god of divination and fate
    - the All-Seeing
    - the Third Eye
    - "Divination's Lord"
  alignment:
    - Lawful
    - Neutral
  domains:
    - Arcana
    - Knowledge
  symbols:
    - Crystal ball containing many kinds of eyes
- name: Selûne
  titles:
    - goddess of the moon
    - Our Lady of Silver
    - the Moonmaiden
    - the Night White Lady
  alignment:
    - Chaotic
    - Good
  domains:
    - Knowledge
    - Life
  symbols:
    - Pair of eyes surrounded by seven stars
- name: Shar
  titles:
    - goddess of darkness and loss
    - the Mistress of the Night
    - the Dark Lady
    - Our Lady of Loss
  alignment:
    - Neutral
    - Evil
  domains:
    - Death
    - Trickery
  symbols:
    - Black disk encircled with a purple border
- name: Silvanus
  titles:
    - god of wild nature
    - Oak Father
    - the Old Oak
    - Old Father Tree
  alignment:
    - Neutral
    - Neutral
  domains:
    - Nature
  symbols:
    - Oak leaf
- name: Sune
  titles:
    - goddess of love and beauty
    - Lady Firehair
    - the Lady of Love
    - the Princess of Passion
  alignment:
    - Chaotic
    - Good
  domains:
    - Life
    - Light
  symbols:
    - Face of a beautiful red-haired woman
- name: Talona
  titles:
    - goddess of poison and disease
    - Lady of Poison
    - Mistress of Disease
    - the Plague-crone
  alignment:
    - Chaotic
    - Evil
  domains:
    - Death
  symbols:
    - Three teardrops on a triangle
- name: Talos
  titles:
    - god of storms
    - Stormlord
    - the Destroyer
  alignment:
    - Chaotic
    - Evil
  domains:
    - Tempest
  symbols:
    - Three lightning bolts radiating from a central point
- name: Tempus
  titles:
    - god of war
    - the Foehammer
    - the Lord of Battles
  alignment:
    - Neutral
    - Neutral
  domains:
    - War
  symbols:
    - Upright flaming sword
- name: Torm
  titles:
    - god of courage and self-sacrifice
    - the Loyal Fury
    - the True
    - the Hand of Righteousness
  alignment:
    - Lawful
    - Good
  domains:
    - War
  symbols:
    - White right gauntlet
- name: Tymora
  titles:
    - goddess of good fortune
    - Lady Luck
    - Our Smiling Lady
  alignment:
    - Chaotic
    - Good
  domains:
    - Trickery
  symbols:
    - Face-up coin
- name: Tyr
  titles:
    - god of justice
    - Grimjaws
    - the Maimed God
    - the Evenhanded
  alignment:
    - Lawful
    - Good
  domains:
    - War
  symbols:
    - Balanced scales resting on a warhammer
- name: Umberlee
  titles:
    - goddess of the sea
    - the Bitch Queen
    - the Queen of the Depths
    - the Wavemother
  alignment:
    - Chaotic
    - Evil
  domains:
    - Tempest
  symbols:
    - Wave curling left and right
- name: Valkur
  titles:
    - Northlander god of sailors
  alignment:
    - Chaotic
    - Good
  domains:
    - Tempest
    - War
  symbols:
    - A cloud and three lightning bolts
- name: Waukeen
  titles:
    - goddess of trade
    - Our Lady of Gold
    - the Coinmaiden
    - "the Merchant's Friend"
  alignment:
    - Neutral
    - Neutral
  domains:
    - Knowledge
    - Trickery
  symbols:
    - "Upright coin with Waukeen's profile facing left"

