---
source: crates/deities/src/elven.rs
expression: "Elven::deities()"

---
- name: Aerdrie Faenya
  titles:
    - goddess of the sky
    - wild goddess of the winds and weather
    - patron of the avariel
    - "goddess of air, rain, fertility, and birth"
  alignment:
    - Chaotic
    - Good
  domains:
    - Life
    - Tempest
    - Trickery
  symbols:
    - Bird silhouetted against a cloud
- name: Angharradh
  titles:
    - triple goddess of wisdom and protection
    - the fierce mother-protector of the elf people
    - "goddess of wisdom, growth, and protection"
  alignment:
    - Chaotic
    - Good
  domains:
    - Knowledge
    - Life
    - War
  symbols:
    - Triangle with three interlocking circles within
    - Three interlocking circles
- name: Alathrien Druanna
  titles:
    - "deity of runes, writing, and spellcasting"
  alignment:
    - Neutral
    - Neutral
  domains:
    - Arcana
    - Knowledge
  symbols:
    - A quill or glyph
- name: Alobal Lorfiril
  titles:
    - deity of revelry and mirth
  alignment:
    - Chaotic
    - Good
  domains:
    - Life
    - Trickery
  symbols:
    - Wine Glass
- name: Araleth Letheranil
  titles:
    - "deity of light, stars, and revelations"
  alignment:
    - Chaotic
    - Good
  domains:
    - Knowledge
    - Light
  symbols:
    - Shaft of light
- name: Corellon Larathian
  titles:
    - god of art and magic
    - "god of elves, magic, poetry, rulership, and warcraft"
    - Primary god of elves
  alignment:
    - Chaotic
    - Good
  domains:
    - Arcana
    - Life
    - Light
    - War
  symbols:
    - Crescent moon
    - quarter moon
    - starburst
- name: Darahl Tilvenar
  titles:
    - "deity of fire, earth, and metalwork"
  alignment:
    - Lawful
    - Neutral
  domains:
    - Forge
    - Light
  symbols:
    - Flame between hands
- name: Deep Sashelas
  titles:
    - god of the sea
    - lord of the sea elves and of dolphins
    - "god of creativity, knowledge, and the sea"
  alignment:
    - Chaotic
    - Good
  domains:
    - Knowledge
    - Nature
    - Tempest
  symbols:
    - Dolphin
- name: Elebrin Liothiel
  titles:
    - "deity of abundance, gardens, and the harvest"
  alignment:
    - Chaotic
    - Good
  domains:
    - Life
    - Nature
  symbols:
    - Acorn
- name: Erevan Ilesere
  titles:
    - god of mischief
    - trickster-god
    - god of mischief and change
  alignment:
    - Chaotic
    - Neutral
  domains:
    - Trickery
  symbols:
    - Asymmetrical eight-armed star
    - Asymmetrical starburst
- name: Fenmarel Mestarine
  titles:
    - god of outcasts and solitude
  alignment:
    - Chaotic
    - Neutral
  domains:
    - Nature
    - Trickery
  symbols:
    - Two peering elven eyes
- name: Gadhelyn
  titles:
    - deity of independence and outlawry
  alignment:
    - Chaotic
    - Neutral
  domains:
    - Nature
    - Trickery
  symbols:
    - Leaf-shaped arrowhead
- name: Hanali Celanil
  titles:
    - "goddess of love, beauty, art, and enchantment"
    - the Winsome Rose
  alignment:
    - Chaotic
    - Good
  domains:
    - Life
  symbols:
    - Golden heart
- name: Kirith Sotheril
  titles:
    - deity of divination and illusion
  alignment:
    - Neutral
    - Good
  domains:
    - Knowledge
    - Trickery
  symbols:
    - Rainbow sphere
- name: Labelas Enoreth
  titles:
    - "god of time, history, and philosophy"
    - the philosopher god
    - "god of time, history, and memory"
  alignment:
    - Chaotic
    - Good
  domains:
    - Arcana
    - Knowledge
    - Life
  symbols:
    - Setting sun
- name: Melira Taralen
  titles:
    - deity of poetry and songs
  alignment:
    - Chaotic
    - Good
  domains:
    - Knowledge
    - Life
    - Trickery
  symbols:
    - Lute
- name: Mythrien Sarath
  titles:
    - deity of abjuration and mythals
  alignment:
    - Chaotic
    - Good
  domains:
    - Arcana
    - Forge
    - Knowledge
  symbols:
    - Row of three intertwined rings
- name: Naralis Analor
  titles:
    - "deity of healing, suffering, and death"
  alignment:
    - Neutral
    - Good
  domains:
    - Life
    - Grave
  symbols:
    - White dove
- name: Rellavar Danuvien
  titles:
    - deity of winter and harsh weather
  alignment:
    - Neutral
    - Good
  domains:
    - Tempest
  symbols:
    - Spear between two circles
- name: Rillifane Rallathil
  titles:
    - god of nature
    - god of the woodlands and wild places
    - father of the wood elves
    - protector of druids
    - "god of nature, beasts, and the seasons"
  alignment:
    - Chaotic
    - Good
  domains:
    - Nature
  symbols:
    - Oak
- name: Sarula Iliene
  titles:
    - deity of lakes and streams
  alignment:
    - Chaotic
    - Good
  domains:
    - Tempest
    - Trickery
  symbols:
    - Three lines symbolizing waves
- name: Sehanine Moonbow
  titles:
    - goddess of the moon
    - "goddess of divination, dreams, travel, and death"
    - "goddess of all life's mysteries, including mysticism, prophecy, death, and dreams"
    - the Moonlit Mystery
  alignment:
    - Chaotic
    - Good
  domains:
    - Grave
    - Knowledge
    - Light
  symbols:
    - Full moon under a moonbow
    - crescent moon
- name: Shevarash
  titles:
    - god of vengeance
    - "god of vengeance, loss, and hatred"
  alignment:
    - Chaotic
    - Neutral
  domains:
    - War
  symbols:
    - Broken arrow over a tear
- name: Solonor Thelandira
  titles:
    - "god of hunting, archery, and woodcraft"
    - "god of archery, hunting, and survival"
  alignment:
    - Chaotic
    - Good
  domains:
    - Nature
    - War
  symbols:
    - Silver arrow with green fletching
- name: Tarsellis Meunniduin
  titles:
    - "deity of mountains, rivers, and wild places"
  alignment:
    - Chaotic
    - Neutral
  domains:
    - Nature
    - Tempest
  symbols:
    - Mountain with a river
- name: Tethrin Varaldé
  titles:
    - "deity of battle, and sword fighting"
  alignment:
    - Neutral
    - Good
  domains:
    - War
  symbols:
    - Crossed swords beneath a quarter moon and above a full moon
- name: Vandria Gilmadrith
  titles:
    - "deity of war, grief, justice, and vigilance"
  alignment:
    - Lawful
    - Neutral
  domains:
    - Grave
    - War
  symbols:
    - Weeping eye
- name: "Ye'Cind"
  titles:
    - deity of music and enchantment
  alignment:
    - Chaotic
    - Good
  domains:
    - Life
    - Trickery
  symbols:
    - Recorder
- name: Zandilar
  titles:
    - "deity of romance, lust, and dance"
  alignment:
    - Chaotic
    - Neutral
  domains:
    - Life
  symbols:
    - Lips

