---
source: character/src/background/cloistered_scholar.rs
expression: background.equipment()

---
- Other: "the scholar's robes of your cloister"
- Other: "a writing kit (small pouch with a quill, a bottle of ink, folded parchment, and a small penknife)"
- Other: a borrowed book on the subject of your current study
- Gear:
    Other: Pouch

