---
source: src/character.rs
expression: "format!(\"{}\", character)"
---
CHARACTER NAME: 
RACE: Lightfoot Halfling (PHB p26,28)
GENDER: Female

STR  +1 (13)
DEX  -1 (9)
CON  -1 (9)
INT  +2 (15)
WIS  +3 (16)
CHA  +2 (14)

FEATURES AND TRAITS:
Ability Score Increase
Your Dexterity score increases by 2. (PHB p28)

Ability Score Increase
Your Charisma score increases by 1. (PHB p28)


