---
source: src/character.rs
expression: character

---
abilities:
  Strength: 7
  Dexterity: 12
  Constitution: 17
  Intelligence: 15
  Wisdom: 15
  Charisma: 13
alignment:
  - Chaotic
  - Good
background:
  type: Hermit
  life_of_seclusion: I was the caretaker of an ancient ruin or relic.
characteristics:
  age: 317
  base_speed: 25
  gender: Female
  height: 54
  size: Medium
  weight: 165
chosen_equipment:
  - Other: A rank insignia from a lost legionnaire
chosen_languages:
  - Sylvan
chosen_proficiencies:
  - Tool:
      ArtisansTools: BrewersSupplies
level: 1
name: Hlin Holderhek
personality:
  bond: My isolation gave me great insight into a great evil that only I can destroy.
  flaw: I let my need to win arguments overshadow friendships and harmony.
  ideal:
    - "Free Thinking. Inquiry and curiosity are the pillars of progress. "
    - Chaotic
  traits:
    - "I often get lost in my own thoughts and contemplation, becoming oblivious to my surroundings."
    - I am working on a grand philosophical theory and love sharing my ideas.
race:
  type: Dwarf
  subrace: Mountain

