---
source: src/character.rs
expression: character
---
abilities:
  - - Strength
    - 10
  - - Dexterity
    - 6
  - - Constitution
    - 11
  - - Intelligence
    - 17
  - - Wisdom
    - 15
  - - Charisma
    - 13
  - - Constitution
    - 2
  - - Wisdom
    - 1
characteristics:
  age: 190
  gender: Male
name: Ulfgar Frostbeard
race:
  type: Dwarf
  subrace: Hill
