---
source: src/character.rs
expression: character

---
abilities:
  Strength: 4
  Dexterity: 13
  Constitution: 17
  Intelligence: 15
  Wisdom: 13
  Charisma: 11
alignment:
  - Lawful
  - Neutral
background:
  type: Entertainer
  routines:
    - Poet
  variant: Gladiator
characteristics:
  age: 66
  base_speeds:
    - Walking: 30
  gender: Male
  height: 28
  size: Small
  weight: 28
chosen_equipment:
  - Other: love letter (the favor of an admirer)
  - Tool:
      MusicalInstrument: Horn
  - Other: A tiny cage with no door
chosen_languages: []
level: 1
name: Hagnar
personality:
  bond: I would do anything for the other members of my old troupe.
  flaw: I have trouble keeping my true feelings hidden. My sharp tongue lands me in trouble.
  ideal:
    - "Greed. I'm only in it for the money and fame."
    - Evil
  traits:
    - "I get bitter if I'm not the center of attention."
    - I know a story relevant to almost every situation.
proficiencies:
  - Tool: DisguiseKit
  - Skill: Acrobatics
  - Skill: Performance
  - Tool:
      MusicalInstrument: Horn
race:
  type: Kobold
  origin: "An injury or strange event caused you to lose all memory of your past, but occaisional flashes of it return to you."
  scale_color:
    - Brown
  scale_pattern: Striped

