---
source: src/character.rs
expression: "format!(\"{}\", character)"
---
CHARACTER NAME: Ulfgar Battlehammer
RACE: Mountain Dwarf (PHB p18,20)

STR  +2 (15)
DEX  -2 (7)
CON  +0 (11)
INT  +2 (15)
WIS  +3 (16)
CHA  +1 (13)

CHARACTERISTICS:
Age: 100
Gender: Male

FEATURES AND TRAITS:
Ability Score Increase
Your Constitution score increases by 2. (PHB p20)

Ability Score Increase
Your Strength score increases by 2. (PHB p20)


