---
source: src/character.rs
expression: character

---
abilities:
  Strength: 14
  Dexterity: 15
  Constitution: 15
  Intelligence: 15
  Wisdom: 13
  Charisma: 15
alignment:
  - Neutral
  - Good
background:
  type: Criminal
  specialty: Blackmailer
  variant: Criminal
characteristics:
  age: 73
  base_speed: 30
  gender: Female
  height: 75
  size: Medium
  weight: 238
chosen_equipment:
  - Other: "A white, sequined glove sized for a human"
chosen_languages: []
chosen_proficiencies:
  - Tool:
      GamingSet: Dragonchess
level: 1
name: "Myastan Daar \"Earbender\""
personality:
  bond: "I'm trying to pay off an old debt I owe to a generous benefactor."
  flaw: "An innocent person is in prison for a crime that I committed. I'm okay with that."
  ideal:
    - "People. I'm loyal to my friends, not to any ideals, and everyone else can take a trip down the Styx for all I care."
    - Neutral
  traits:
    - The first thing I do in a new place is note the locations of everything valuable — or where such things could be hidden.
    - I would rather make a new friend than a new enemy.
race:
  type: Dragonborn
  ancestry: Gold

