---
source: crates/character/src/lib.rs
expression: character

---
CHARACTER NAME: Connerad Orothiar
RACE: Hill Dwarf (PHB p18,20)
BACKGROUND: Outlander (Tribal nomad) (PHB p136)
ALIGNMENT: Lawful Good
LEVEL: 1

STR  +3 (16)
DEX  +1 (13)
CON  +3 (16)
INT  +1 (13)
WIS  +1 (12)
CHA  +1 (12)

SKILLS:
PROF  MOD  SKILL            BONUS:
      DEX  Acrobatics       +1
      WIS  Animal Handling  +1
      INT  Arcana           +1
 X    STR  Athletics        +5
      CHA  Deception        +1
      INT  History          +1
      WIS  Insight          +1
      CHA  Intimidation     +1
      INT  Investigation    +1
      WIS  Medicine         +1
      INT  Nature           +1
      WIS  Perception       +1
      CHA  Performance      +1
      CHA  Persuasion       +1
      INT  Religion         +1
      DEX  Sleight of Hand  +1
      DEX  Stealth          +1
 X    WIS  Survival         +3

SPEED:
Walking Speed: 25ft
PROFICIENCY BONUS: +2
RESISTANCES: Poison
IMMUNITIES: 
LANGUAGES: Common, Dwarvish, Celestial
PROFICIENCIES: Weapon(Specific(Battleaxe)), Weapon(Specific(Handaxe)), Weapon(Specific(LightHammer)), Weapon(Specific(Warhammer)), Tool(ArtisansTools(BrewersSupplies)), Tool(MusicalInstrument(Viol))

CHARACTERISTICS:
Age: 135
Gender: Male
Size: Medium
Height: 3'11"
Weight: 124 lb.

PERSONALITY TRAITS:
I was, in fact, raised by wolves.
I feel far more comfortable around animals than people.
IDEAL: Might. The strongest are meant to rule. (Evil)
BOND: I suffer awful visions of a coming disaster and will do anything to prevent it.
FLAW: I remember every insult I've received and nurse a silent resentment toward anyone who's ever wronged me.

EQUIPMENT
Gear(ArcaneFocus(Staff)), Gear(Other(HuntingTrap)), Other("a trophy from an animal you killed"), Gear(Other(ClothesTravelers)), Gear(Other(Pouch)), Other("A rectangular metal device with two tiny metal cups on one end that throws sparks when wet")
COINS: 10gp

FEATURES AND TRAITS:
- Darkvision (PHB p20)
- Dwarven Resilience (PHB p20)
- Stonecunning (PHB p20)
- Dwarven Toughness (PHB p20)
- Wanderer (PHB p136)

APPEARANCE:

BACKSTORY:
Clan's Status: Refugees. Stronghold lost, survivors occupy a neighborhood or ward in human city
Clan's Notable Trait: Clan owns a powerful artifact, such as an Axe of the Dwarvish Lords
Clan Vocation: Weaponsmith
Quirk: You prefer to sleep during the day.
Reason for Adventuring: You were assigned to become a merchant by the priests of Moradin and have yet to forgive them for their mistake. You should be working a forge, not wandering the outside world!

