---
source: crates/character/src/lib.rs
expression: character

---
abilities:
  Strength: 16
  Dexterity: 13
  Constitution: 16
  Intelligence: 13
  Wisdom: 12
  Charisma: 12
alignment:
  - Lawful
  - Good
background:
  type: Outlander
  origin: TribalNomad
characteristics:
  age: 135
  base_speeds:
    - Walking: 25
  ethnicity: ~
  gender: Male
  height: 47
  size: Medium
  weight: 124
coins:
  - Gold
  - 10
equipment:
  - Gear:
      ArcaneFocus: Staff
  - Gear:
      Other: HuntingTrap
  - Other: a trophy from an animal you killed
  - Gear:
      Other: ClothesTravelers
  - Gear:
      Other: Pouch
  - Other: A rectangular metal device with two tiny metal cups on one end that throws sparks when wet
languages:
  - Common
  - Dwarvish
  - Celestial
level: 1
name: Connerad Orothiar
personality:
  bond: I suffer awful visions of a coming disaster and will do anything to prevent it.
  flaw: "I remember every insult I've received and nurse a silent resentment toward anyone who's ever wronged me."
  ideal:
    - Might. The strongest are meant to rule.
    - Evil
  traits:
    - "I was, in fact, raised by wolves."
    - I feel far more comfortable around animals than people.
proficiencies:
  - Weapon:
      Specific: Battleaxe
  - Weapon:
      Specific: Handaxe
  - Weapon:
      Specific: LightHammer
  - Weapon:
      Specific: Warhammer
  - Skill: Athletics
  - Skill: Survival
  - Tool:
      ArtisansTools: BrewersSupplies
  - Tool:
      MusicalInstrument: Viol
race:
  type: Dwarf
  clan_status: "Refugees. Stronghold lost, survivors occupy a neighborhood or ward in human city"
  clan_trait: "Clan owns a powerful artifact, such as an Axe of the Dwarvish Lords"
  clan_vocation: Weaponsmith
  quirk: You prefer to sleep during the day.
  story_hook: "You were assigned to become a merchant by the priests of Moradin and have yet to forgive them for their mistake. You should be working a forge, not wandering the outside world!"
  subrace:
    Hill: Hill

