---
source: crates/character/src/lib.rs
expression: character

---
CHARACTER NAME: Connerad Rustfire
RACE: Hill Dwarf (PHB p18,20)
BACKGROUND: Mercenary Veteran (SCAG p152)
ALIGNMENT: Lawful Good
LEVEL: 1

STR  +2 (15)
DEX  +2 (15)
CON  +3 (17)
INT  +1 (13)
WIS  +2 (15)
CHA  +0 (10)

SKILLS:
PROF  MOD  SKILL            BONUS:
      DEX  Acrobatics       +2
      WIS  Animal Handling  +2
      INT  Arcana           +1
 X    STR  Athletics        +4
      CHA  Deception        +0
      INT  History          +1
      WIS  Insight          +2
      CHA  Intimidation     +0
      INT  Investigation    +1
      WIS  Medicine         +2
      INT  Nature           +1
      WIS  Perception       +2
      CHA  Performance      +0
 X    CHA  Persuasion       +2
      INT  Religion         +1
      DEX  Sleight of Hand  +2
      DEX  Stealth          +2
      WIS  Survival         +2

SPEED:
Walking Speed: 25ft
PROFICIENCY BONUS: +2
RESISTANCES: Poison
IMMUNITIES: 
LANGUAGES: Common, Dwarvish
PROFICIENCIES: Weapon(Specific(Battleaxe)), Weapon(Specific(Handaxe)), Weapon(Specific(LightHammer)), Weapon(Specific(Warhammer)), Vehicle(Land), Tool(ArtisansTools(BrewersSupplies)), Tool(GamingSet(PlayingCard))

CHARACTERISTICS:
Age: 135
Gender: Male
Size: Medium
Height: 3'11"
Weight: 124 lb.

PERSONALITY TRAITS:
I face problems head-on. A simple, direct solution is the best path to success.
I'm haunted by memories of war. I can't get the images of violence out of my mind.
IDEAL: Independence. When people follow orders blindly, they embrace a kind of tyranny. (Chaotic)
BOND: I fight for those who cannot fight for themselves.
FLAW: The monstrous enemy we faced in battle still leaves me quivering with fear.

EQUIPMENT
Other("an insignia of your rank"), Gear(Other(ClothesTravelers)), Gear(Other(Pouch)), Tool(GamingSet(PlayingCard)), Other("A silver spoon with an M engraved on the handle")
COINS: 10gp

FEATURES AND TRAITS:
- Darkvision (PHB p20)
- Dwarven Resilience (PHB p20)
- Stonecunning (PHB p20)
- Dwarven Toughness (PHB p20)
- Mercenary Life (SCAG p152)

APPEARANCE:

BACKSTORY:
Clan's Status: Refugees. Stronghold lost, survivors occupy a neighborhood or ward in human city
Clan's Notable Trait: Clan owns a powerful artifact, such as an Axe of the Dwarvish Lords
Clan Vocation: Weaponsmith
Quirk: You prefer to sleep during the day.
Reason for Adventuring: You were assigned to become a merchant by the priests of Moradin and have yet to forgive them for their mistake. You should be working a forge, not wandering the outside world!

PANTHEON: Dwarven
CHOSEN DEITY: Marthammor Duin
Titles: god of wanderers; the traveler's god; patron of expatriates and guides; deity of lightning and roads; god of explorers, wanderers, and the lost
Alignment: Neutral Good
Domains: Nature, Trickery
Symbols: Upright mace in front of a tall boot


