---
source: crates/character/src/lib.rs
expression: character

---
abilities:
  Strength: 15
  Dexterity: 15
  Constitution: 17
  Intelligence: 13
  Wisdom: 15
  Charisma: 10
alignment:
  - Lawful
  - Good
background:
  MercenaryVeteran: ~
characteristics:
  age: 135
  base_speeds:
    - Walking: 25
  ethnicity: ~
  gender: Male
  height: 47
  size: Medium
  weight: 124
class:
  Druid: ~
coins:
  - Gold
  - 10
deity:
  name: Moradin
  titles:
    - god of creation
    - "god of \"dwarf-crafts\" (smithing and stonework)"
    - god of protection
    - the Soulforger
    - Dwarf-father
    - All-father
    - Primary deity of dwarves
  alignment:
    - Lawful
    - Good
  domains:
    - Forge
    - Knowledge
  symbols:
    - Hammer and anvil
equipment:
  - item:
      Armor: Leather
    amount: 1
  - item:
      Armor: Shield
    amount: 1
  - item:
      Gear:
        DruidicFocus: Totem
    amount: 1
  - item:
      Gear:
        Other: Backpack
    amount: 1
  - item:
      Gear:
        Other: Bedroll
    amount: 1
  - item:
      Gear:
        Other: ClothesTravelers
    amount: 1
  - item:
      Gear:
        Other: MessKit
    amount: 1
  - item:
      Gear:
        Other: Pouch
    amount: 1
  - item:
      Gear:
        Other: Rations
    amount: 10
  - item:
      Gear:
        Other: RopeHempen
    amount: 1
  - item:
      Gear:
        Other: Tinderbox
    amount: 1
  - item:
      Gear:
        Other: Torch
    amount: 10
  - item:
      Gear:
        Other: Waterskin
    amount: 1
  - item:
      Tool:
        GamingSet: PlayingCard
    amount: 1
  - item:
      Weapon: Dagger
    amount: 1
  - item:
      Other: "A white, sequined glove sized for a human"
    amount: 1
  - item:
      Other: an insignia of your rank
    amount: 1
languages:
  - Common
  - Dwarvish
level: 1
name: Connerad Rustfire
pantheon: Dwarven
personality:
  bond: I would still lay down my life for the people I served with.
  flaw: "I made a terrible mistake in battle that cost many lives, and I would do anything to keep that mistake secret."
  ideal:
    - Responsibility. I do what I must and obey just authority.
    - Lawful
  traits:
    - I enjoy being strong and like breaking things.
    - "I'm haunted by memories of war. I can't get the images of violence out of my mind."
proficiencies:
  - Armor: Light
  - Armor: Medium
  - Armor: Shield
  - SavingThrow: Intelligence
  - SavingThrow: Wisdom
  - Skill: AnimalHandling
  - Skill: Athletics
  - Skill: Perception
  - Skill: Persuasion
  - Tool:
      ArtisansTools: BrewersSupplies
  - Tool:
      GamingSet: PlayingCard
  - Tool: HerbalismKit
  - Vehicle: Land
  - Weapon:
      Specific: Battleaxe
  - Weapon:
      Specific: Club
  - Weapon:
      Specific: Dagger
  - Weapon:
      Specific: Dart
  - Weapon:
      Specific: Handaxe
  - Weapon:
      Specific: Javelin
  - Weapon:
      Specific: LightHammer
  - Weapon:
      Specific: Mace
  - Weapon:
      Specific: Quarterstaff
  - Weapon:
      Specific: Scimitar
  - Weapon:
      Specific: Sickle
  - Weapon:
      Specific: Sling
  - Weapon:
      Specific: Spear
  - Weapon:
      Specific: Warhammer
race:
  Dwarf:
    clan_status: "Refugees. Stronghold lost, survivors occupy a neighborhood or ward in human city"
    clan_trait: "Clan owns a powerful artifact, such as an Axe of the Dwarvish Lords"
    clan_vocation: Weaponsmith
    quirk: You prefer to sleep during the day.
    story_hook: "You were assigned to become a merchant by the priests of Moradin and have yet to forgive them for their mistake. You should be working a forge, not wandering the outside world!"
    subrace:
      Hill: Hill

