---
source: crates/character/src/lib.rs
expression: character

---
CHARACTER NAME: Connerad Rustfire
RACE: Hill Dwarf (PHB p18,20)
CLASS: Druid (PHB p64)
BACKGROUND: Mercenary Veteran (SCAG p152)
ALIGNMENT: Lawful Good
LEVEL: 1

STR  +2 (15)
DEX  +2 (15)
CON  +3 (17)
INT  +1 (13)
WIS  +2 (15)
CHA  +0 (10)

SKILLS:
PROF  MOD  SKILL            BONUS:
      DEX  Acrobatics       +2
 X    WIS  Animal Handling  +4
      INT  Arcana           +1
 X    STR  Athletics        +4
      CHA  Deception        +0
      INT  History          +1
      WIS  Insight          +2
      CHA  Intimidation     +0
      INT  Investigation    +1
      WIS  Medicine         +2
      INT  Nature           +1
 X    WIS  Perception       +4
      CHA  Performance      +0
 X    CHA  Persuasion       +2
      INT  Religion         +1
      DEX  Sleight of Hand  +2
      DEX  Stealth          +2
      WIS  Survival         +2

SPEED:
Walking Speed: 25ft
PROFICIENCY BONUS: +2
RESISTANCES: Poison
IMMUNITIES: 
LANGUAGES: Common, Dwarvish
PROFICIENCIES: Weapon(Specific(Battleaxe)), Weapon(Specific(Handaxe)), Weapon(Specific(LightHammer)), Weapon(Specific(Warhammer)), Vehicle(Land), Armor(Light), Armor(Medium), Armor(Shield), SavingThrow(Intelligence), SavingThrow(Wisdom), Tool(HerbalismKit), Weapon(Specific(Club)), Weapon(Specific(Dagger)), Weapon(Specific(Dart)), Weapon(Specific(Javelin)), Weapon(Specific(Mace)), Weapon(Specific(Quarterstaff)), Weapon(Specific(Scimitar)), Weapon(Specific(Sickle)), Weapon(Specific(Sling)), Weapon(Specific(Spear)), Tool(ArtisansTools(BrewersSupplies)), Tool(GamingSet(PlayingCard))

CHARACTERISTICS:
Age: 135
Gender: Male
Size: Medium
Height: 3'11"
Weight: 124 lb.

PERSONALITY TRAITS:
I enjoy being strong and like breaking things.
I'm haunted by memories of war. I can't get the images of violence out of my mind.
IDEAL: Responsibility. I do what I must and obey just authority. (Lawful)
BOND: I would still lay down my life for the people I served with.
FLAW: I made a terrible mistake in battle that cost many lives, and I would do anything to keep that mistake secret.

EQUIPMENT
Other("an insignia of your rank"), Gear(Other(ClothesTravelers)), Gear(Other(Pouch)), Tool(GamingSet(PlayingCard)), Other("A rank insignia from a lost legionnaire")
COINS: 10gp

FEATURES AND TRAITS:
- Darkvision (PHB p20)
- Dwarven Resilience (PHB p20)
- Stonecunning (PHB p20)
- Dwarven Toughness (PHB p20)
- Mercenary Life (SCAG p152)

APPEARANCE:

BACKSTORY:
Clan's Status: Refugees. Stronghold lost, survivors occupy a neighborhood or ward in human city
Clan's Notable Trait: Clan owns a powerful artifact, such as an Axe of the Dwarvish Lords
Clan Vocation: Weaponsmith
Quirk: You prefer to sleep during the day.
Reason for Adventuring: You were assigned to become a merchant by the priests of Moradin and have yet to forgive them for their mistake. You should be working a forge, not wandering the outside world!

PANTHEON: Dwarven
CHOSEN DEITY: Moradin
Titles: god of creation; god of "dwarf-crafts" (smithing and stonework); god of protection; the Soulforger; Dwarf-father; All-father; Primary deity of dwarves
Alignment: Lawful Good
Domains: Forge, Knowledge
Symbols: Hammer and anvil


