---
source: crates/background/src/inheritor.rs
expression: background.addl_equipment()

---
- From:
    - Tool:
        GamingSet: Dice
    - Tool:
        GamingSet: Dragonchess
    - Tool:
        GamingSet: PlayingCard
    - Tool:
        GamingSet: ThreeDragonAnte
    - Tool:
        MusicalInstrument: Bagpipes
    - Tool:
        MusicalInstrument: Drum
    - Tool:
        MusicalInstrument: Dulcimer
    - Tool:
        MusicalInstrument: Flute
    - Tool:
        MusicalInstrument: Lute
    - Tool:
        MusicalInstrument: Lyre
    - Tool:
        MusicalInstrument: Horn
    - Tool:
        MusicalInstrument: PanFlute
    - Tool:
        MusicalInstrument: Shawm
    - Tool:
        MusicalInstrument: Viol
- Trinket:
    - inheritance
    - Custom:
        - a written story
        - a written song
        - a written poem
        - a written secret
    - false

