---
source: crates/background/src/far_traveler.rs
expression: background.traits()

---
- "I have different assumptions from those around me concerning personal space, blithely invading others' space in innocence, or reacting to ignorant invasion of my own."
- "I have my own ideas about what is and is not food, and I find the eating habits of those around me fascinating, confusing, or revolting."
- "I have a strong code of honor or sense of propriety that others don't comprehend."
- I express affection or contempt in ways that are unfamiliar to others.
- I honor my deities through practices that are foreign to this land.
- I begin or end my day with small traditional rituals that are unfamiliar to those around me.

