---
source: crates/background/src/uthgardt_tribe_member.rs
expression: background.addl_equipment()

---
- From:
    - - item:
          Other: a totemic token marking your loyalty to Uthgar and your tribal totem
        amount: 1
      - item:
          Other: a set of tattoos marking your loyalty to Uthgar and your tribal totem
        amount: 1
    - 1

