---
source: crates/background/src/cloistered_scholar.rs
expression: background.equipment()

---
- item:
    Other: "the scholar's robes of your cloister"
  amount: 1
- item:
    Other: "a writing kit (small pouch with a quill, a bottle of ink, folded parchment, and a small penknife)"
  amount: 1
- item:
    Other: a borrowed book on the subject of your current study
  amount: 1
- item:
    Gear:
      Other: Pouch
  amount: 1

