---
source: crates/background/src/haunted_one.rs
expression: background.equipment()

---
- item:
    Gear:
      Other: Chest
  amount: 1
- item:
    Gear:
      Other: Crowbar
  amount: 1
- item:
    Gear:
      Other: Hammer
  amount: 1
- item:
    Gear:
      Other: HolyWater
  amount: 1
- item:
    Gear:
      Other: Manacles
  amount: 1
- item:
    Gear:
      Other: MirrorSteel
  amount: 1
- item:
    Gear:
      Other: Oil
  amount: 1
- item:
    Gear:
      Other: Tinderbox
  amount: 1
- item:
    Gear:
      Other: Torch
  amount: 3
- item:
    Other: wooden stake
  amount: 3
- item:
    Gear:
      Other: ClothesCommon
  amount: 1

