---
source: crates/background/src/waterdhavian_noble.rs
expression: background.addl_equipment()

---
- From:
    - - item:
          Other: signet ring
        amount: 1
      - item:
          Other: brooch
        amount: 1
    - 1
- From:
    - - item:
          Other: a skin of fine zzar
        amount: 1
      - item:
          Other: a skin of fine wine
        amount: 1
    - 1

