---
source: crates/background/src/urban_bounty_hunter.rs
expression: background.bonds()

---
- "I'm trying to pay off an old debt I owe to a generous benefactor."
- My ill-gotten gains go to support my family.
- "Something important was taken from me, and I aim to steal it back."
- I will become the greatest thief that ever lived.
- "I'm guilty of a terrible crime. I hope I can redeem myself for it."
- Someone I loved died because of a mistake I made. That will never happen again.

