---
source: crates/background/src/faction_agent.rs
expression: background.addl_equipment()

---
- From:
    - - item:
          Other: the badge of your faction
        amount: 1
      - item:
          Other: the emblem of your faction
        amount: 1
    - 1
- From:
    - - item:
          Other: a copy of a seminal faction text
        amount: 1
      - item:
          Other: a code-book for a covert faction
        amount: 1
    - 1

