---
source: src/deities/dragon.rs
expression: "Dragon::deities()"

---
- name: Bahamut
  titles:
    - god of good
  alignment:
    - Lawful
    - Good
  domains:
    - Life
    - War
  symbols:
    - "Dragon's head in profile"
- name: Tiamat
  titles:
    - god of evil
  alignment:
    - Lawful
    - Evil
  domains:
    - Trickery
  symbols:
    - Dragon head with five claw marks

