---
source: src/deities/dwarven.rs
expression: "Dwarven::deities()"

---
- name: Abbathor
  titles:
    - god of greed
  alignment:
    - Neutral
    - Evil
  domains:
    - Trickery
  symbols:
    - "Jeweled dagger, point-down"
- name: Berronar Truesilver
  titles:
    - goddess of hearth and home
  alignment:
    - Lawful
    - Good
  domains:
    - Life
    - Light
  symbols:
    - Intertwined silver rings
- name: Clangeddin Silverbeard
  titles:
    - god of war
  alignment:
    - Lawful
    - Good
  domains:
    - War
  symbols:
    - Crossed silver battleaxes
- name: Dugmaren Brightmantle
  titles:
    - god of discovery
  alignment:
    - Chaotic
    - Good
  domains:
    - Knowledge
  symbols:
    - Open book
- name: Dumathoin
  titles:
    - god of buried secrets
  alignment:
    - Neutral
    - Neutral
  domains:
    - Death
    - Knowledge
  symbols:
    - Mountain silhouette with a central gemstone
- name: Gorm Gulthyn
  titles:
    - god of vigilance
  alignment:
    - Lawful
    - Good
  domains:
    - War
  symbols:
    - Bronze half-mask
- name: Haela Brightaxe
  titles:
    - goddess of war-luck
  alignment:
    - Chaotic
    - Good
  domains:
    - War
  symbols:
    - Upright sword whose blade is spiraled in flame
- name: Marthammor Duin
  titles:
    - god of wanderers
  alignment:
    - Neutral
    - Good
  domains:
    - Nature
    - Trickery
  symbols:
    - Upright mace in front of a tall boot
- name: Moradin
  titles:
    - god of creation
  alignment:
    - Lawful
    - Good
  domains:
    - Knowledge
  symbols:
    - Hammer and anvil
- name: Sharindlar
  titles:
    - goddess of healing
  alignment:
    - Chaotic
    - Good
  domains:
    - Life
  symbols:
    - Burning needle
- name: Vergadain
  titles:
    - god of luck and wealth
  alignment:
    - Neutral
    - Neutral
  domains:
    - Trickery
  symbols:
    - Gold coin with the face of a dwarf

